// Jest Snapshot v1, https://goo.gl/fbAQLP

exports[`heq-client subscribe should log 1`] = `
Array [
  Object {
    "_l": "INFO",
    "payload": Object {
      "path": "<ROOT>/fixtures/config/test.config.js",
    },
    "type": "load-config-begin",
  },
  Object {
    "_l": "DEBUG",
    "payload": Object {
      "config": Object {
        "hotReload": Object {
          "watchPaths": Array [
            "<ROOT>",
          ],
        },
        "monitor": Object {
          "port": 43333,
        },
        "persist": Object {
          "driver": "@events/snapshot-mongo",
          "seedFilePath": false,
          "store": "mongodb://localhost/client_test",
        },
        "sideEffects": Object {
          "sideEffectsPath": "<ROOT>/fixtures/sideEffects/sampleEffects.js",
        },
        "subscribe": Object {
          "burstCount": 20,
          "burstTime": 500,
          "maxRetry": 20,
          "serverUrl": "http://localhost:43366",
        },
        "transform": Object {
          "rulePath": "<ROOT>/fixtures/rules/user_management.js",
        },
      },
    },
    "type": "load-config-end",
  },
  Object {
    "_l": "DEBUG",
    "payload": Object {
      "rulePath": "<ROOT>/fixtures/rules/user_management.js",
    },
    "type": "load-transform-begin",
  },
  Object {
    "_l": "DEBUG",
    "payload": Object {
      "ruleMeta": Array [
        Object {
          "name": "users",
          "version": "1.0.0",
        },
        Object {
          "name": "departments",
          "version": "1.0.0",
        },
      ],
    },
    "type": "load-transform-end",
  },
  Object {
    "_l": "DEBUG",
    "payload": Object {
      "persistenceConfig": Object {
        "driver": "@events/snapshot-mongo",
        "seedFilePath": false,
        "store": "mongodb://localhost/client_test",
      },
    },
    "type": "connect-snapshot-begin",
  },
  Object {
    "_l": "INFO",
    "payload": Object {
      "snapshotVersion": 0,
    },
    "type": "connect-snapshot-end",
  },
  Object {
    "_l": "DEBUG",
    "payload": Object {
      "retryCount": 0,
    },
    "type": "connect-events-begin",
  },
  Object {
    "_l": "INFO",
    "payload": Object {},
    "type": "connect-events-end",
  },
  Object {
    "_l": "INFO",
    "type": "process-interrupted",
  },
  Object {
    "_l": "INFO",
    "payload": Object {
      "code": 0,
    },
    "type": "process-exit",
  },
]
`;
